Archive member included to satisfy reference by file (symbol)

C:\Users\Professional\Desktop\Projects\Lcdtask\21_12_21\oledTest\oledTest\ArduinoCore\Debug\libArduinoCore.a(main.o)
                              C:/Program Files (x86)/Atmel/Studio/7.0/Packs/atmel/ATmega_DFP/1.6.364/gcc/dev/atmega328p/avr5/crtatmega328p.o (main)
C:\Users\Professional\Desktop\Projects\Lcdtask\21_12_21\oledTest\oledTest\ArduinoCore\Debug\libArduinoCore.a(Print.o)
                              src/lcd.o (_ZN5Print5printEPKc)
C:\Users\Professional\Desktop\Projects\Lcdtask\21_12_21\oledTest\oledTest\ArduinoCore\Debug\libArduinoCore.a(wiring.o)
                              src/canMessage.o (millis)
C:\Users\Professional\Desktop\Projects\Lcdtask\21_12_21\oledTest\oledTest\ArduinoCore\Debug\libArduinoCore.a(wiring_digital.o)
                              src/buttons.o (pinMode)
C:\Users\Professional\Desktop\Projects\Lcdtask\21_12_21\oledTest\oledTest\ArduinoCore\Debug\libArduinoCore.a(mcp2515.o)
                              src/canMessage.o (_ZN7MCP2515C1Eh)
C:\Users\Professional\Desktop\Projects\Lcdtask\21_12_21\oledTest\oledTest\ArduinoCore\Debug\libArduinoCore.a(LiquidCrystal_I2C_OLED.o)
                              src/lcd.o (_ZN17LiquidCrystal_I2CC1Ehhh)
C:\Users\Professional\Desktop\Projects\Lcdtask\21_12_21\oledTest\oledTest\ArduinoCore\Debug\libArduinoCore.a(SPI.o)
                              src/canMessage.o (_ZN8SPIClass5beginEv)
C:\Users\Professional\Desktop\Projects\Lcdtask\21_12_21\oledTest\oledTest\ArduinoCore\Debug\libArduinoCore.a(Wire.o)
                              C:\Users\Professional\Desktop\Projects\Lcdtask\21_12_21\oledTest\oledTest\ArduinoCore\Debug\libArduinoCore.a(LiquidCrystal_I2C_OLED.o) (_ZN7TwoWire5writeEh)
C:\Users\Professional\Desktop\Projects\Lcdtask\21_12_21\oledTest\oledTest\ArduinoCore\Debug\libArduinoCore.a(abi.o)
                              C:\Users\Professional\Desktop\Projects\Lcdtask\21_12_21\oledTest\oledTest\ArduinoCore\Debug\libArduinoCore.a(Print.o) (__cxa_pure_virtual)
C:\Users\Professional\Desktop\Projects\Lcdtask\21_12_21\oledTest\oledTest\ArduinoCore\Debug\libArduinoCore.a(hooks.o)
                              C:\Users\Professional\Desktop\Projects\Lcdtask\21_12_21\oledTest\oledTest\ArduinoCore\Debug\libArduinoCore.a(wiring.o) (yield)
C:\Users\Professional\Desktop\Projects\Lcdtask\21_12_21\oledTest\oledTest\ArduinoCore\Debug\libArduinoCore.a(twi.o)
                              C:\Users\Professional\Desktop\Projects\Lcdtask\21_12_21\oledTest\oledTest\ArduinoCore\Debug\libArduinoCore.a(Wire.o) (twi_init)
c:/program files (x86)/atmel/studio/7.0/toolchain/avr8/avr8-gnu-toolchain/bin/../lib/gcc/avr/5.4.0/avr5\libgcc.a(_divmodhi4.o)
                              src/canMessage.o (__divmodhi4)
c:/program files (x86)/atmel/studio/7.0/toolchain/avr8/avr8-gnu-toolchain/bin/../lib/gcc/avr/5.4.0/avr5\libgcc.a(_udivmodsi4.o)
                              C:\Users\Professional\Desktop\Projects\Lcdtask\21_12_21\oledTest\oledTest\ArduinoCore\Debug\libArduinoCore.a(Print.o) (__udivmodsi4)
c:/program files (x86)/atmel/studio/7.0/toolchain/avr8/avr8-gnu-toolchain/bin/../lib/gcc/avr/5.4.0/avr5\libgcc.a(_exit.o)
                              C:/Program Files (x86)/Atmel/Studio/7.0/Packs/atmel/ATmega_DFP/1.6.364/gcc/dev/atmega328p/avr5/crtatmega328p.o (exit)
c:/program files (x86)/atmel/studio/7.0/toolchain/avr8/avr8-gnu-toolchain/bin/../lib/gcc/avr/5.4.0/avr5\libgcc.a(_tablejump2.o)
                              C:\Users\Professional\Desktop\Projects\Lcdtask\21_12_21\oledTest\oledTest\ArduinoCore\Debug\libArduinoCore.a(mcp2515.o) (__tablejump2__)
c:/program files (x86)/atmel/studio/7.0/toolchain/avr8/avr8-gnu-toolchain/bin/../lib/gcc/avr/5.4.0/avr5\libgcc.a(_copy_data.o)
                              src/canMessage.o (__do_copy_data)
c:/program files (x86)/atmel/studio/7.0/toolchain/avr8/avr8-gnu-toolchain/bin/../lib/gcc/avr/5.4.0/avr5\libgcc.a(_clear_bss.o)
                              src/canMessage.o (__do_clear_bss)
c:/program files (x86)/atmel/studio/7.0/toolchain/avr8/avr8-gnu-toolchain/bin/../lib/gcc/avr/5.4.0/avr5\libgcc.a(_ctors.o)
                              src/canMessage.o (__do_global_ctors)
c:/program files (x86)/atmel/studio/7.0/toolchain/avr8/avr8-gnu-toolchain/bin/../lib/gcc/avr/5.4.0/avr5\libgcc.a(_udivmodhi4.o)
                              c:/program files (x86)/atmel/studio/7.0/toolchain/avr8/avr8-gnu-toolchain/bin/../lib/gcc/avr/5.4.0/avr5\libgcc.a(_divmodhi4.o) (__udivmodhi4)
c:/program files (x86)/atmel/studio/7.0/toolchain/avr8/avr8-gnu-toolchain/bin/../lib/gcc/avr/5.4.0/../../../../avr/lib/avr5\libm.a(addsf3.o)
                              C:\Users\Professional\Desktop\Projects\Lcdtask\21_12_21\oledTest\oledTest\ArduinoCore\Debug\libArduinoCore.a(Print.o) (__subsf3)
c:/program files (x86)/atmel/studio/7.0/toolchain/avr8/avr8-gnu-toolchain/bin/../lib/gcc/avr/5.4.0/../../../../avr/lib/avr5\libm.a(addsf3x.o)
[...]
Memory Configuration

Name             Origin             Length             Attributes
text             0x00000000         0x00008000         xr
data             0x00800100         0x00000800         rw !x
eeprom           0x00810000         0x00000400         rw !x
fuse             0x00820000         0x00000003         rw !x
lock             0x00830000         0x00000400         rw !x
signature        0x00840000         0x00000400         rw !x
user_signatures  0x00850000         0x00000400         rw !x
*default*        0x00000000         0xffffffff

Linker script and memory map

Address of section .data set to 0x800100
LOAD C:/Program Files (x86)/Atmel/Studio/7.0/Packs/atmel/ATmega_DFP/1.6.364/gcc/dev/atmega328p/avr5/crtatmega328p.o
LOAD src/buttons.o
LOAD src/canMessage.o
LOAD src/index.o
LOAD src/lcd.o
LOAD src/main.o
START GROUP
LOAD C:\Users\Professional\Desktop\Projects\Lcdtask\21_12_21\oledTest\oledTest\ArduinoCore\Debug\libArduinoCore.a
END GROUP
LOAD c:/program files (x86)/atmel/studio/7.0/toolchain/avr8/avr8-gnu-toolchain/bin/../lib/gcc/avr/5.4.0/avr5\libgcc.a
LOAD c:/program files (x86)/atmel/studio/7.0/toolchain/avr8/avr8-gnu-toolchain/bin/../lib/gcc/avr/5.4.0/../../../../avr/lib/avr5\libm.a
START GROUP
LOAD c:/program files (x86)/atmel/studio/7.0/toolchain/avr8/avr8-gnu-toolchain/bin/../lib/gcc/avr/5.4.0/avr5\libgcc.a
LOAD c:/program files (x86)/atmel/studio/7.0/toolchain/avr8/avr8-gnu-toolchain/bin/../lib/gcc/avr/5.4.0/../../../../avr/lib/avr5\libm.a
LOAD c:/program files (x86)/atmel/studio/7.0/toolchain/avr8/avr8-gnu-toolchain/bin/../lib/gcc/avr/5.4.0/../../../../avr/lib/avr5\libc.a
LOAD C:/Program Files (x86)/Atmel/Studio/7.0/Packs/atmel/ATmega_DFP/1.6.364/gcc/dev/atmega328p/avr5\libatmega328p.a
END GROUP
                0x00000000                __TEXT_REGION_ORIGIN__ = DEFINED (__TEXT_REGION_ORIGIN__)?__TEXT_REGION_ORIGIN__:0x0
                [0x00800100]                __DATA_REGION_ORIGIN__ = DEFINED (__DATA_REGION_ORIGIN__)?__DATA_REGION_ORIGIN__:0x800060
                [0x00008000]                __TEXT_REGION_LENGTH__ = DEFINED (__TEXT_REGION_LENGTH__)?__TEXT_REGION_LENGTH__:0x20000
                [0x00000800]                __DATA_REGION_LENGTH__ = DEFINED (__DATA_REGION_LENGTH__)?__DATA_REGION_LENGTH__:0xffa0
                [0x00000400]                __EEPROM_REGION_LENGTH__ = DEFINED (__EEPROM_REGION_LENGTH__)?__EEPROM_REGION_LENGTH__:0x10000
                [0x00000003]                __FUSE_REGION_LENGTH__ = DEFINED (__FUSE_REGION_LENGTH__)?__FUSE_REGION_LENGTH__:0x400
                0x00000400                __LOCK_REGION_LENGTH__ = DEFINED (__LOCK_REGION_LENGTH__)?__LOCK_REGION_LENGTH__:0x400
                0x00000400                __SIGNATURE_REGION_LENGTH__ = DEFINED (__SIGNATURE_REGION_LENGTH__)?__SIGNATURE_REGION_LENGTH__:0x400
                0x00000400                __USER_SIGNATURE_REGION_LENGTH__ = DEFINED (__USER_SIGNATURE_REGION_LENGTH__)?__USER_SIGNATURE_REGION_LENGTH__:0x400

.hash
 *(.hash)

.dynsym
 *(.dynsym)

.dynstr
 *(.dynstr)

.gnu.version
 *(.gnu.version)

.gnu.version_d
 *(.gnu.version_d)

.gnu.version_r
 *(.gnu.version_r)

.rel.init
 *(.rel.init)

.rela.init
 *(.rela.init)

.rel.text
 *(.rel.text)
 *(.rel.text.*)
 *(.rel.gnu.linkonce.t*)

.rela.text
 *(.rela.text)
 *(.rela.text.*)
 *(.rela.gnu.linkonce.t*)

.rel.fini
 *(.rel.fini)

.rela.fini
 *(.rela.fini)

.rel.rodata
 *(.rel.rodata)
 *(.rel.rodata.*)
 *(.rel.gnu.linkonce.r*)

.rela.rodata
 *(.rela.rodata)
 *(.rela.rodata.*)
 *(.rela.gnu.linkonce.r*)

.rel.data
 *(.rel.data)
 *(.rel.data.*)
 *(.rel.gnu.linkonce.d*)

.rela.data
 *(.rela.data)
 *(.rela.data.*)
 *(.rela.gnu.linkonce.d*)

.rel.ctors
 *(.rel.ctors)

.rela.ctors
 *(.rela.ctors)

.rel.dtors
 *(.rel.dtors)

.rela.dtors
 *(.rela.dtors)

.rel.got
 *(.rel.got)

.rela.got
 *(.rela.got)

.rel.bss
 *(.rel.bss)

.rela.bss
 *(.rela.bss)

.rel.plt
 *(.rel.plt)

.rela.plt
 *(.rela.plt)

.text           0x00000000     0x321c
 *(.vectors)
 .vectors       0x00000000       0x68 C:/Program Files (x86)/Atmel/Studio/7.0/Packs/atmel/ATmega_DFP/1.6.364/gcc/dev/atmega328p/avr5/crtatmega328p.o
                0x00000000                __vector_default
                0x00000000                __vectors
 *(.vectors)
 *(.progmem.gcc*)
 .progmem.gcc_sw_table._ZN7MCP251510setBitrateE9CAN_SPEED9CAN_CLOCK
                0x00000068       0x58 C:\Users\Professional\Desktop\Projects\Lcdtask\21_12_21\oledTest\oledTest\ArduinoCore\Debug\libArduinoCore.a(mcp2515.o)
 .progmem.gcc_sw_table._ZN17LiquidCrystal_I2C6outStrEPc
                0x000000c0      0x144 C:\Users\Professional\Desktop\Projects\Lcdtask\21_12_21\oledTest\oledTest\ArduinoCore\Debug\libArduinoCore.a(LiquidCrystal_I2C_OLED.o)
                0x00000204                . = ALIGN (0x2)
                0x00000204                __trampolines_start = .
 *(.trampolines)
 .trampolines   0x00000204        0x0 linker stubs
 *(.trampolines*)
                0x00000204                __trampolines_end = .
 *libprintf_flt.a:*(.progmem.data)
 *libc.a:*(.progmem.data)
 *(.progmem*)
 .progmem.data.digital_pin_to_timer_PGM
                0x00000204       0x14 C:\Users\Professional\Desktop\Projects\Lcdtask\21_12_21\oledTest\oledTest\ArduinoCore\Debug\libArduinoCore.a(wiring_digital.o)
                0x00000204                digital_pin_to_timer_PGM
 .progmem.data.digital_pin_to_bit_mask_PGM
                0x00000218       0x14 C:\Users\Professional\Desktop\Projects\Lcdtask\21_12_21\oledTest\oledTest\ArduinoCore\Debug\libArduinoCore.a(wiring_digital.o)
                0x00000218                digital_pin_to_bit_mask_PGM
 .progmem.data.digital_pin_to_port_PGM
                0x0000022c       0x14 C:\Users\Professional\Desktop\Projects\Lcdtask\21_12_21\oledTest\oledTest\ArduinoCore\Debug\libArduinoCore.a(wiring_digital.o)
                0x0000022c                digital_pin_to_port_PGM
 .progmem.data.port_to_input_PGM
                0x00000240        0xa C:\Users\Professional\Desktop\Projects\Lcdtask\21_12_21\oledTest\oledTest\ArduinoCore\Debug\libArduinoCore.a(wiring_digital.o)
                0x00000240                port_to_input_PGM
 .progmem.data.port_to_output_PGM
                0x0000024a        0xa C:\Users\Professional\Desktop\Projects\Lcdtask\21_12_21\oledTest\oledTest\ArduinoCore\Debug\libArduinoCore.a(wiring_digital.o)
                0x0000024a                port_to_output_PGM
 .progmem.data.port_to_mode_PGM
                0x00000254        0xa C:\Users\Professional\Desktop\Projects\Lcdtask\21_12_21\oledTest\oledTest\ArduinoCore\Debug\libArduinoCore.a(wiring_digital.o)
                0x00000254                port_to_mode_PGM
                0x0000025e                . = ALIGN (0x2)
 *(.jumptables)
 *(.jumptables*)
 *(.lowtext)
 *(.lowtext*)
                0x0000025e                __ctors_start = .
 *(.ctors)
 .ctors         0x0000025e        0x2 src/canMessage.o
 .ctors         0x00000260        0x2 src/lcd.o
 .ctors         0x00000262        0x2 C:\Users\Professional\Desktop\Projects\Lcdtask\21_12_21\oledTest\oledTest\ArduinoCore\Debug\libArduinoCore.a(Wire.o)
                0x00000264                __ctors_end = .
                0x00000264                __dtors_start = .
 *(.dtors)
                0x00000264                __dtors_end = .
 SORT(*)(.ctors)
 SORT(*)(.dtors)
 *(.init0)
 .init0         0x00000264        0x0 C:/Program Files (x86)/Atmel/Studio/7.0/Packs/atmel/ATmega_DFP/1.6.364/gcc/dev/atmega328p/avr5/crtatmega328p.o
                0x00000264                __init
 *(.init0)
 *(.init1)
 *(.init1)
 *(.init2)
 .init2         0x00000264        0xc C:/Program Files (x86)/Atmel/Studio/7.0/Packs/atmel/ATmega_DFP/1.6.364/gcc/dev/atmega328p/avr5/crtatmega328p.o
 *(.init2)
 *(.init3)
 *(.init3)
 *(.init4)
 .init4         0x00000270       0x16 c:/program files (x86)/atmel/studio/7.0/toolchain/avr8/avr8-gnu-toolchain/bin/../lib/gcc/avr/5.4.0/avr5\libgcc.a(_copy_data.o)
                0x00000270                __do_copy_data
 .init4         0x00000286       0x10 c:/program files (x86)/atmel/studio/7.0/toolchain/avr8/avr8-gnu-toolchain/bin/../lib/gcc/avr/5.4.0/avr5\libgcc.a(_clear_bss.o)
                0x00000286                __do_clear_bss
 *(.init4)
 *(.init5)
 *(.init5)
 *(.init6)
 .init6         0x00000296       0x16 c:/program files (x86)/atmel/studio/7.0/toolchain/avr8/avr8-gnu-toolchain/bin/../lib/gcc/avr/5.4.0/avr5\libgcc.a(_ctors.o)
                0x00000296                __do_global_ctors
 *(.init6)
 *(.init7)
 *(.init7)
 *(.init8)
 *(.init8)
 *(.init9)
 .init9         0x000002ac        0x8 C:/Program Files (x86)/Atmel/Studio/7.0/Packs/atmel/ATmega_DFP/1.6.364/gcc/dev/atmega328p/avr5/crtatmega328p.o
 *(.init9)
 *(.text)
 .text          0x000002b4        0x4 C:/Program Files (x86)/Atmel/Studio/7.0/Packs/atmel/ATmega_DFP/1.6.364/gcc/dev/atmega328p/avr5/crtatmega328p.o
                0x000002b4                __vector_22
                0x000002b4                __vector_1
                0x000002b4                __vector_12
                0x000002b4                __bad_interrupt
                0x000002b4                __vector_6
                0x000002b4                __vector_3
                0x000002b4                __vector_23
                0x000002b4                __vector_25
                0x000002b4                __vector_11
                0x000002b4                __vector_13
                0x000002b4                __vector_17
                0x000002b4                __vector_19
                0x000002b4                __vector_7
                0x000002b4                __vector_5
                0x000002b4                __vector_4
                0x000002b4                __vector_9
                0x000002b4                __vector_2
                0x000002b4                __vector_21
                0x000002b4                __vector_15
                0x000002b4                __vector_8
                0x000002b4                __vector_14
                0x000002b4                __vector_10
                0x000002b4                __vector_18
                0x000002b4                __vector_20
                0x000002b8                . = ALIGN (0x2)
 *(.text.*)
 .text._Z9pins_initv
                0x000002b8       0x30 src/buttons.o
                0x000002b8                _Z9pins_initv
 .text._Z9get_value9canValues
                0x000002e8       0x12 src/canMessage.o
                0x000002e8                _Z9get_value9canValues
 .text._Z8can_initv
                0x000002fa       0x30 src/canMessage.o
                0x000002fa                _Z8can_initv
 .text._Z20get_values_for_pagesv
                0x0000032a      0x2ee src/canMessage.o
                0x0000032a                _Z20get_values_for_pagesv
 .text._Z20send_control_messagev
                0x00000618      0x124 src/canMessage.o
                0x00000618                _Z20send_control_messagev
 .text._Z20control_leds_messagev
                0x0000073c       0x1e src/canMessage.o
                0x0000073c                _Z20control_leds_messagev
 .text._Z17send_value_changeii
                0x0000075a       0x34 src/canMessage.o
                0x0000075a                _Z17send_value_changeii
 .text._Z20receive_value_changev
                0x0000078e       0x2a src/canMessage.o
                0x0000078e                _Z20receive_value_changev
 .text.startup._GLOBAL__sub_I_mcp2515
                0x000007b8        0xa src/canMessage.o
 .text._Z24enter_mode_change_valuesv
                0x000007c2       0x8a src/index.o
                0x000007c2                _Z24enter_mode_change_valuesv
 .text._Z13access_valuesv
                0x0000084c       0x3a src/index.o
                0x0000084c                _Z13access_valuesv
 .text._Z12modify_valueii
                0x00000886       0x32 src/index.o
                0x00000886                _Z12modify_valueii
 .text._Z19modify_chosen_valuev
                0x000008b8       0xc2 src/index.o
                0x000008b8                _Z19modify_chosen_valuev
 .text._Z21choose_modifyed_valuev
                0x0000097a      0x2c8 src/index.o
                0x0000097a                _Z21choose_modifyed_valuev
 .text._Z23exit_mode_change_valuesv
                0x00000c42       0x3a src/index.o
                0x00000c42                _Z23exit_mode_change_valuesv
 .text._Z22enter_mode_show_valuesv
                0x00000c7c       0x20 src/index.o
                0x00000c7c                _Z22enter_mode_show_valuesv
 .text._Z14mode_show_pagev
                0x00000c9c       0x2e src/index.o
                0x00000c9c                _Z14mode_show_pagev
 .text._Z23modify_and_show_displayv
                0x00000cca       0xb6 src/index.o
                0x00000cca                _Z23modify_and_show_displayv
 .text._Z11set_values_i10lcdValues_
                0x00000d80       0x12 src/lcd.o
                0x00000d80                _Z11set_values_i10lcdValues_
 .text._Z14print_value_eniiPc
                0x00000d92       0x20 src/lcd.o
                0x00000d92                _Z14print_value_eniiPc
 .text._Z15print_value_rusiiPc
                0x00000db2       0x20 src/lcd.o
                0x00000db2                _Z15print_value_rusiiPc
 .text._Z11print_valueiii
                0x00000dd2       0x24 src/lcd.o
                0x00000dd2                _Z11print_valueiii
 .text._Z21print_values_straightiii
                0x00000df6       0x1e src/lcd.o
                0x00000df6                _Z21print_values_straightiii
 .text._Z13values_page_1v
                0x00000e14       0x7c src/lcd.o
                0x00000e14                _Z13values_page_1v
 .text._Z13values_page_2v
                0x00000e90       0x3c src/lcd.o
                0x00000e90                _Z13values_page_2v
 .text._Z13values_page_3v
                0x00000ecc       0x3c src/lcd.o
                0x00000ecc                _Z13values_page_3v
 .text._Z13values_page_4v
                0x00000f08       0x3c src/lcd.o
                0x00000f08                _Z13values_page_4v
 .text._Z13values_page_5v
                0x00000f44       0x3c src/lcd.o
                0x00000f44                _Z13values_page_5v
 .text._Z13values_page_6v
                0x00000f80       0x3c src/lcd.o
                0x00000f80                _Z13values_page_6v
 .text._Z13values_page_7v
                0x00000fbc       0x2c src/lcd.o
                0x00000fbc                _Z13values_page_7v
 .text._Z17lcd_change_page_7ii
                0x00000fe8       0x8c src/lcd.o
                0x00000fe8                _Z17lcd_change_page_7ii
 .text._Z5page1v
                0x00001074       0xc8 src/lcd.o
                0x00001074                _Z5page1v
 .text._Z5page2v
                0x0000113c       0x78 src/lcd.o
                0x0000113c                _Z5page2v
 .text._Z5page3v
                0x000011b4       0x78 src/lcd.o
                0x000011b4                _Z5page3v
 .text._Z5page4v
                0x0000122c       0x78 src/lcd.o
                0x0000122c                _Z5page4v
 .text._Z5page5v
                0x000012a4       0x78 src/lcd.o
                0x000012a4                _Z5page5v
 .text._Z5page6v
                0x0000131c       0x4c src/lcd.o
                0x0000131c                _Z5page6v
 .text._Z5page0v
                0x00001368       0x48 src/lcd.o
                0x00001368                _Z5page0v
 .text._Z5page7v
                0x000013b0       0x5a src/lcd.o
                0x000013b0                _Z5page7v
 .text._Z8lcd_initv
                0x0000140a       0x44 src/lcd.o
                0x0000140a                _Z8lcd_initv
 .text._Z19show_current_valuesv
                0x0000144e       0x42 src/lcd.o
                0x0000144e                _Z19show_current_valuesv
 .text._Z11switch_pagev
                0x00001490       0x6e src/lcd.o
                0x00001490                _Z11switch_pagev
 .text.startup._GLOBAL__sub_I_values_
                0x000014fe        0xe src/lcd.o
 .text.setup    0x0000150c        0xc src/main.o
                0x0000150c                setup
 .text.loop     0x00001518        0xc src/main.o
                0x00001518                loop
 .text.initVariant
                0x00001524        0x2 C:\Users\Professional\Desktop\Projects\Lcdtask\21_12_21\oledTest\oledTest\ArduinoCore\Debug\libArduinoCore.a(main.o)
                0x00001524                initVariant
 .text.startup.main
                0x00001526       0x1e C:\Users\Professional\Desktop\Projects\Lcdtask\21_12_21\oledTest\oledTest\ArduinoCore\Debug\libArduinoCore.a(main.o)
                0x00001526                main
 .text._ZN5Print17availableForWriteEv
                0x00001544        0x6 C:\Users\Professional\Desktop\Projects\Lcdtask\21_12_21\oledTest\oledTest\ArduinoCore\Debug\libArduinoCore.a(Print.o)
                0x00001544                _ZN5Print17availableForWriteEv
 .text._ZN5Print5flushEv
                0x0000154a        0x2 C:\Users\Professional\Desktop\Projects\Lcdtask\21_12_21\oledTest\oledTest\ArduinoCore\Debug\libArduinoCore.a(Print.o)
                0x0000154a                _ZN5Print5flushEv
 .text._ZN5Print5writeEPKhj
                0x0000154c       0x54 C:\Users\Professional\Desktop\Projects\Lcdtask\21_12_21\oledTest\oledTest\ArduinoCore\Debug\libArduinoCore.a(Print.o)
                0x0000154c                _ZN5Print5writeEPKhj
 .text._ZN5Print5writeEPKc
                0x000015a0       0x2a C:\Users\Professional\Desktop\Projects\Lcdtask\21_12_21\oledTest\oledTest\ArduinoCore\Debug\libArduinoCore.a(Print.o)
                0x000015a0                _ZN5Print5writeEPKc
 .text._ZN5Print5printEPKc
                0x000015ca        0x4 C:\Users\Professional\Desktop\Projects\Lcdtask\21_12_21\oledTest\oledTest\ArduinoCore\Debug\libArduinoCore.a(Print.o)
                0x000015ca                _ZN5Print5printEPKc
 .text._ZN5Print5printEc
                0x000015ce        0xe C:\Users\Professional\Desktop\Projects\Lcdtask\21_12_21\oledTest\oledTest\ArduinoCore\Debug\libArduinoCore.a(Print.o)
                0x000015ce                _ZN5Print5printEc
 .text._ZN5Print11printNumberEmh
                0x000015dc       0x92 C:\Users\Professional\Desktop\Projects\Lcdtask\21_12_21\oledTest\oledTest\ArduinoCore\Debug\libArduinoCore.a(Print.o)
                0x000015dc                _ZN5Print11printNumberEmh
 .text._ZN5Print5printEli
                0x0000166e       0x90 C:\Users\Professional\Desktop\Projects\Lcdtask\21_12_21\oledTest\oledTest\ArduinoCore\Debug\libArduinoCore.a(Print.o)
                0x0000166e                _ZN5Print5printEli
 .text._ZN5Print5printEii
                0x000016fe        0xe C:\Users\Professional\Desktop\Projects\Lcdtask\21_12_21\oledTest\oledTest\ArduinoCore\Debug\libArduinoCore.a(Print.o)
                0x000016fe                _ZN5Print5printEii
 .text.__vector_16
                0x0000170c       0x94 C:\Users\Professional\Desktop\Projects\Lcdtask\21_12_21\oledTest\oledTest\ArduinoCore\Debug\libArduinoCore.a(wiring.o)
                0x0000170c                __vector_16
 .text.millis   0x000017a0       0x18 C:\Users\Professional\Desktop\Projects\Lcdtask\21_12_21\oledTest\oledTest\ArduinoCore\Debug\libArduinoCore.a(wiring.o)
                0x000017a0                millis
 .text.micros   0x000017b8       0x4a C:\Users\Professional\Desktop\Projects\Lcdtask\21_12_21\oledTest\oledTest\ArduinoCore\Debug\libArduinoCore.a(wiring.o)
                0x000017b8                micros
 .text.delay    0x00001802       0x78 C:\Users\Professional\Desktop\Projects\Lcdtask\21_12_21\oledTest\oledTest\ArduinoCore\Debug\libArduinoCore.a(wiring.o)
                0x00001802                delay
 .text.delayMicroseconds
                0x0000187a       0x16 C:\Users\Professional\Desktop\Projects\Lcdtask\21_12_21\oledTest\oledTest\ArduinoCore\Debug\libArduinoCore.a(wiring.o)
                0x0000187a                delayMicroseconds
 .text.init     0x00001890       0x76 C:\Users\Professional\Desktop\Projects\Lcdtask\21_12_21\oledTest\oledTest\ArduinoCore\Debug\libArduinoCore.a(wiring.o)
                0x00001890                init
 .text.turnOffPWM
                0x00001906       0x52 C:\Users\Professional\Desktop\Projects\Lcdtask\21_12_21\oledTest\oledTest\ArduinoCore\Debug\libArduinoCore.a(wiring_digital.o)
 .text.pinMode  0x00001958       0x78 C:\Users\Professional\Desktop\Projects\Lcdtask\21_12_21\oledTest\oledTest\ArduinoCore\Debug\libArduinoCore.a(wiring_digital.o)
                0x00001958                pinMode
 .text.digitalWrite
                0x000019d0       0x5e C:\Users\Professional\Desktop\Projects\Lcdtask\21_12_21\oledTest\oledTest\ArduinoCore\Debug\libArduinoCore.a(wiring_digital.o)
                0x000019d0                digitalWrite
 .text.digitalRead
                0x00001a2e       0x52 C:\Users\Professional\Desktop\Projects\Lcdtask\21_12_21\oledTest\oledTest\ArduinoCore\Debug\libArduinoCore.a(wiring_digital.o)
                0x00001a2e                digitalRead
 .text._ZN8SPIClass8transferEh
                0x00001a80        0xe C:\Users\Professional\Desktop\Projects\Lcdtask\21_12_21\oledTest\oledTest\ArduinoCore\Debug\libArduinoCore.a(mcp2515.o)
                0x00001a80                _ZN8SPIClass8transferEh
 .text._ZN7MCP25158startSPIEv
                0x00001a8e       0x40 C:\Users\Professional\Desktop\Projects\Lcdtask\21_12_21\oledTest\oledTest\ArduinoCore\Debug\libArduinoCore.a(mcp2515.o)
                0x00001a8e                _ZN7MCP25158startSPIEv
 .text._ZN7MCP25156endSPIEv
                0x00001ace       0x2c C:\Users\Professional\Desktop\Projects\Lcdtask\21_12_21\oledTest\oledTest\ArduinoCore\Debug\libArduinoCore.a(mcp2515.o)
                0x00001ace                _ZN7MCP25156endSPIEv
 .text._ZN7MCP2515C2Eh
                0x00001afa       0x24 C:\Users\Professional\Desktop\Projects\Lcdtask\21_12_21\oledTest\oledTest\ArduinoCore\Debug\libArduinoCore.a(mcp2515.o)
                0x00001afa                _ZN7MCP2515C2Eh
                0x00001afa                _ZN7MCP2515C1Eh
 .text._ZN7MCP251512readRegisterENS_8REGISTERE
                0x00001b1e       0x32 C:\Users\Professional\Desktop\Projects\Lcdtask\21_12_21\oledTest\oledTest\ArduinoCore\Debug\libArduinoCore.a(mcp2515.o)
                0x00001b1e                _ZN7MCP251512readRegisterENS_8REGISTERE
 .text._ZN7MCP251513readRegistersENS_8REGISTEREPhh
                0x00001b50       0x58 C:\Users\Professional\Desktop\Projects\Lcdtask\21_12_21\oledTest\oledTest\ArduinoCore\Debug\libArduinoCore.a(mcp2515.o)
                0x00001b50                _ZN7MCP251513readRegistersENS_8REGISTEREPhh
 .text._ZN7MCP251511setRegisterENS_8REGISTEREh
                0x00001ba8       0x32 C:\Users\Professional\Desktop\Projects\Lcdtask\21_12_21\oledTest\oledTest\ArduinoCore\Debug\libArduinoCore.a(mcp2515.o)
                0x00001ba8                _ZN7MCP251511setRegisterENS_8REGISTEREh
 .text._ZN7MCP251512setRegistersENS_8REGISTEREPKhh
                0x00001bda       0x56 C:\Users\Professional\Desktop\Projects\Lcdtask\21_12_21\oledTest\oledTest\ArduinoCore\Debug\libArduinoCore.a(mcp2515.o)
                0x00001bda                _ZN7MCP251512setRegistersENS_8REGISTEREPKhh
 .text._ZN7MCP251514modifyRegisterENS_8REGISTEREhh
                0x00001c30       0x3e C:\Users\Professional\Desktop\Projects\Lcdtask\21_12_21\oledTest\oledTest\ArduinoCore\Debug\libArduinoCore.a(mcp2515.o)
                0x00001c30                _ZN7MCP251514modifyRegisterENS_8REGISTEREhh
 .text._ZN7MCP25159getStatusEv
                0x00001c6e       0x2a C:\Users\Professional\Desktop\Projects\Lcdtask\21_12_21\oledTest\oledTest\ArduinoCore\Debug\libArduinoCore.a(mcp2515.o)
                0x00001c6e                _ZN7MCP25159getStatusEv
 .text._ZN7MCP25157setModeENS_18CANCTRL_REQOP_MODEE
                0x00001c98       0x64 C:\Users\Professional\Desktop\Projects\Lcdtask\21_12_21\oledTest\oledTest\ArduinoCore\Debug\libArduinoCore.a(mcp2515.o)
                0x00001c98                _ZN7MCP25157setModeENS_18CANCTRL_REQOP_MODEE
 .text._ZN7MCP251513setConfigModeEv
                0x00001cfc        0x6 C:\Users\Professional\Desktop\Projects\Lcdtask\21_12_21\oledTest\oledTest\ArduinoCore\Debug\libArduinoCore.a(mcp2515.o)
                0x00001cfc                _ZN7MCP251513setConfigModeEv
 .text._ZN7MCP251513setNormalModeEv
                0x00001d02        0x6 C:\Users\Professional\Desktop\Projects\Lcdtask\21_12_21\oledTest\oledTest\ArduinoCore\Debug\libArduinoCore.a(mcp2515.o)
                0x00001d02                _ZN7MCP251513setNormalModeEv
 .text._ZN7MCP251510setBitrateE9CAN_SPEED9CAN_CLOCK
                0x00001d08      0x18e C:\Users\Professional\Desktop\Projects\Lcdtask\21_12_21\oledTest\oledTest\ArduinoCore\Debug\libArduinoCore.a(mcp2515.o)
                0x00001d08                _ZN7MCP251510setBitrateE9CAN_SPEED9CAN_CLOCK
 .text._ZN7MCP25159prepareIdEPhbm
                0x00001e96       0x56 C:\Users\Professional\Desktop\Projects\Lcdtask\21_12_21\oledTest\oledTest\ArduinoCore\Debug\libArduinoCore.a(mcp2515.o)
                0x00001e96                _ZN7MCP25159prepareIdEPhbm
 .text._ZN7MCP251513setFilterMaskENS_4MASKEbm
                0x00001eec       0x8a C:\Users\Professional\Desktop\Projects\Lcdtask\21_12_21\oledTest\oledTest\ArduinoCore\Debug\libArduinoCore.a(mcp2515.o)
                0x00001eec                _ZN7MCP251513setFilterMaskENS_4MASKEbm
 .text._ZN7MCP25159setFilterENS_3RXFEbm
                0x00001f76       0xc0 C:\Users\Professional\Desktop\Projects\Lcdtask\21_12_21\oledTest\oledTest\ArduinoCore\Debug\libArduinoCore.a(mcp2515.o)
                0x00001f76                _ZN7MCP25159setFilterENS_3RXFEbm
 .text._ZN7MCP25155resetEv
                0x00002036      0x140 C:\Users\Professional\Desktop\Projects\Lcdtask\21_12_21\oledTest\oledTest\ArduinoCore\Debug\libArduinoCore.a(mcp2515.o)
                0x00002036                _ZN7MCP25155resetEv
 .text._ZN7MCP251511sendMessageENS_4TXBnEPK9can_frame
                0x00002176       0xe0 C:\Users\Professional\Desktop\Projects\Lcdtask\21_12_21\oledTest\oledTest\ArduinoCore\Debug\libArduinoCore.a(mcp2515.o)
                0x00002176                _ZN7MCP251511sendMessageENS_4TXBnEPK9can_frame
 .text._ZN7MCP251511sendMessageEPK9can_frame
                0x00002256       0xc0 C:\Users\Professional\Desktop\Projects\Lcdtask\21_12_21\oledTest\oledTest\ArduinoCore\Debug\libArduinoCore.a(mcp2515.o)
                0x00002256                _ZN7MCP251511sendMessageEPK9can_frame
 .text._ZN7MCP251511readMessageENS_4RXBnEP9can_frame
                0x00002316      0x12a C:\Users\Professional\Desktop\Projects\Lcdtask\21_12_21\oledTest\oledTest\ArduinoCore\Debug\libArduinoCore.a(mcp2515.o)
                0x00002316                _ZN7MCP251511readMessageENS_4RXBnEP9can_frame
 .text._ZN7MCP251511readMessageEP9can_frame
                0x00002440       0x3c C:\Users\Professional\Desktop\Projects\Lcdtask\21_12_21\oledTest\oledTest\ArduinoCore\Debug\libArduinoCore.a(mcp2515.o)
                0x00002440                _ZN7MCP251511readMessageEP9can_frame
 .text._ZN17LiquidCrystal_I2CC2Ehhh
                0x0000247c       0x18 C:\Users\Professional\Desktop\Projects\Lcdtask\21_12_21\oledTest\oledTest\ArduinoCore\Debug\libArduinoCore.a(LiquidCrystal_I2C_OLED.o)
                0x0000247c                _ZN17LiquidCrystal_I2CC1Ehhh
                0x0000247c                _ZN17LiquidCrystal_I2CC2Ehhh
 .text._ZN17LiquidCrystal_I2C13expanderWriteEh
                0x00002494       0x2e C:\Users\Professional\Desktop\Projects\Lcdtask\21_12_21\oledTest\oledTest\ArduinoCore\Debug\libArduinoCore.a(LiquidCrystal_I2C_OLED.o)
                0x00002494                _ZN17LiquidCrystal_I2C13expanderWriteEh
 .text._ZN17LiquidCrystal_I2C9backlightEv
                0x000024c2        0xc C:\Users\Professional\Desktop\Projects\Lcdtask\21_12_21\oledTest\oledTest\ArduinoCore\Debug\libArduinoCore.a(LiquidCrystal_I2C_OLED.o)
                0x000024c2                _ZN17LiquidCrystal_I2C9backlightEv
 .text._ZN17LiquidCrystal_I2C11pulseEnableEh
                0x000024ce       0x30 C:\Users\Professional\Desktop\Projects\Lcdtask\21_12_21\oledTest\oledTest\ArduinoCore\Debug\libArduinoCore.a(LiquidCrystal_I2C_OLED.o)
                0x000024ce                _ZN17LiquidCrystal_I2C11pulseEnableEh
 .text._ZN17LiquidCrystal_I2C10write4bitsEh
                0x000024fe       0x1c C:\Users\Professional\Desktop\Projects\Lcdtask\21_12_21\oledTest\oledTest\ArduinoCore\Debug\libArduinoCore.a(LiquidCrystal_I2C_OLED.o)
                0x000024fe                _ZN17LiquidCrystal_I2C10write4bitsEh
 .text._ZN17LiquidCrystal_I2C4sendEhh
                0x0000251a       0x2e C:\Users\Professional\Desktop\Projects\Lcdtask\21_12_21\oledTest\oledTest\ArduinoCore\Debug\libArduinoCore.a(LiquidCrystal_I2C_OLED.o)
                0x0000251a                _ZN17LiquidCrystal_I2C4sendEhh
 .text._ZN17LiquidCrystal_I2C7commandEh
                0x00002548        0x6 C:\Users\Professional\Desktop\Projects\Lcdtask\21_12_21\oledTest\oledTest\ArduinoCore\Debug\libArduinoCore.a(LiquidCrystal_I2C_OLED.o)
                0x00002548                _ZN17LiquidCrystal_I2C7commandEh
 .text._ZN17LiquidCrystal_I2C5clearEv
                0x0000254e       0x48 C:\Users\Professional\Desktop\Projects\Lcdtask\21_12_21\oledTest\oledTest\ArduinoCore\Debug\libArduinoCore.a(LiquidCrystal_I2C_OLED.o)
                0x0000254e                _ZN17LiquidCrystal_I2C5clearEv
 .text._ZN17LiquidCrystal_I2C4homeEv
                0x00002596        0xe C:\Users\Professional\Desktop\Projects\Lcdtask\21_12_21\oledTest\oledTest\ArduinoCore\Debug\libArduinoCore.a(LiquidCrystal_I2C_OLED.o)
                0x00002596                _ZN17LiquidCrystal_I2C4homeEv
 .text._ZN17LiquidCrystal_I2C9setCursorEhh
                0x000025a4       0x5c C:\Users\Professional\Desktop\Projects\Lcdtask\21_12_21\oledTest\oledTest\ArduinoCore\Debug\libArduinoCore.a(LiquidCrystal_I2C_OLED.o)
                0x000025a4                _ZN17LiquidCrystal_I2C9setCursorEhh
 .text._ZN17LiquidCrystal_I2C7displayEv
                0x00002600       0x10 C:\Users\Professional\Desktop\Projects\Lcdtask\21_12_21\oledTest\oledTest\ArduinoCore\Debug\libArduinoCore.a(LiquidCrystal_I2C_OLED.o)
                0x00002600                _ZN17LiquidCrystal_I2C7displayEv
 .text._ZN17LiquidCrystal_I2C5writeEh
                0x00002610        0xc C:\Users\Professional\Desktop\Projects\Lcdtask\21_12_21\oledTest\oledTest\ArduinoCore\Debug\libArduinoCore.a(LiquidCrystal_I2C_OLED.o)
                0x00002610                _ZN17LiquidCrystal_I2C5writeEh
 .text._ZN17LiquidCrystal_I2C6outStrEPc
                0x0000261c      0x1c4 C:\Users\Professional\Desktop\Projects\Lcdtask\21_12_21\oledTest\oledTest\ArduinoCore\Debug\libArduinoCore.a(LiquidCrystal_I2C_OLED.o)
                0x0000261c                _ZN17LiquidCrystal_I2C6outStrEPc
 .text._ZN17LiquidCrystal_I2C5beginEhhh
                0x000027e0       0xc2 C:\Users\Professional\Desktop\Projects\Lcdtask\21_12_21\oledTest\oledTest\ArduinoCore\Debug\libArduinoCore.a(LiquidCrystal_I2C_OLED.o)
                0x000027e0                _ZN17LiquidCrystal_I2C5beginEhhh
 .text._ZN17LiquidCrystal_I2C9init_privEv
                0x000028a2       0x22 C:\Users\Professional\Desktop\Projects\Lcdtask\21_12_21\oledTest\oledTest\ArduinoCore\Debug\libArduinoCore.a(LiquidCrystal_I2C_OLED.o)
                0x000028a2                _ZN17LiquidCrystal_I2C9init_privEv
 .text._ZN17LiquidCrystal_I2C4initEv
                0x000028c4        0x4 C:\Users\Professional\Desktop\Projects\Lcdtask\21_12_21\oledTest\oledTest\ArduinoCore\Debug\libArduinoCore.a(LiquidCrystal_I2C_OLED.o)
                0x000028c4                _ZN17LiquidCrystal_I2C4initEv
 .text._ZN8SPIClass5beginEv
                0x000028c8       0x6c C:\Users\Professional\Desktop\Projects\Lcdtask\21_12_21\oledTest\oledTest\ArduinoCore\Debug\libArduinoCore.a(SPI.o)
                0x000028c8                _ZN8SPIClass5beginEv
 .text._ZN7TwoWire9availableEv
                0x00002934       0x10 C:\Users\Professional\Desktop\Projects\Lcdtask\21_12_21\oledTest\oledTest\ArduinoCore\Debug\libArduinoCore.a(Wire.o)
                0x00002934                _ZN7TwoWire9availableEv
 .text._ZN7TwoWire4readEv
                0x00002944       0x28 C:\Users\Professional\Desktop\Projects\Lcdtask\21_12_21\oledTest\oledTest\ArduinoCore\Debug\libArduinoCore.a(Wire.o)
                0x00002944                _ZN7TwoWire4readEv
 .text._ZN7TwoWire4peekEv
                0x0000296c       0x1e C:\Users\Professional\Desktop\Projects\Lcdtask\21_12_21\oledTest\oledTest\ArduinoCore\Debug\libArduinoCore.a(Wire.o)
                0x0000296c                _ZN7TwoWire4peekEv
 .text._ZN7TwoWire5flushEv
                0x0000298a        0x2 C:\Users\Professional\Desktop\Projects\Lcdtask\21_12_21\oledTest\oledTest\ArduinoCore\Debug\libArduinoCore.a(Wire.o)
                0x0000298a                _ZN7TwoWire5flushEv
 .text._ZN7TwoWire16onReceiveServiceEPhi
                0x0000298c       0x54 C:\Users\Professional\Desktop\Projects\Lcdtask\21_12_21\oledTest\oledTest\ArduinoCore\Debug\libArduinoCore.a(Wire.o)
                0x0000298c                _ZN7TwoWire16onReceiveServiceEPhi
 .text._ZN7TwoWire16onRequestServiceEv
                0x000029e0       0x18 C:\Users\Professional\Desktop\Projects\Lcdtask\21_12_21\oledTest\oledTest\ArduinoCore\Debug\libArduinoCore.a(Wire.o)
                0x000029e0                _ZN7TwoWire16onRequestServiceEv
 .text._ZN7TwoWire5writeEPKhj
                0x000029f8       0x5a C:\Users\Professional\Desktop\Projects\Lcdtask\21_12_21\oledTest\oledTest\ArduinoCore\Debug\libArduinoCore.a(Wire.o)
                0x000029f8                _ZN7TwoWire5writeEPKhj
 .text._ZN7TwoWire5writeEh
                0x00002a52       0x5e C:\Users\Professional\Desktop\Projects\Lcdtask\21_12_21\oledTest\oledTest\ArduinoCore\Debug\libArduinoCore.a(Wire.o)
                0x00002a52                _ZN7TwoWire5writeEh
 .text._ZN7TwoWireC2Ev
                0x00002ab0       0x20 C:\Users\Professional\Desktop\Projects\Lcdtask\21_12_21\oledTest\oledTest\ArduinoCore\Debug\libArduinoCore.a(Wire.o)
                0x00002ab0                _ZN7TwoWireC1Ev
                0x00002ab0                _ZN7TwoWireC2Ev
 .text._ZN7TwoWire5beginEv
                0x00002ad0       0x24 C:\Users\Professional\Desktop\Projects\Lcdtask\21_12_21\oledTest\oledTest\ArduinoCore\Debug\libArduinoCore.a(Wire.o)
                0x00002ad0                _ZN7TwoWire5beginEv
 .text._ZN7TwoWire17beginTransmissionEh
                0x00002af4       0x14 C:\Users\Professional\Desktop\Projects\Lcdtask\21_12_21\oledTest\oledTest\ArduinoCore\Debug\libArduinoCore.a(Wire.o)
                0x00002af4                _ZN7TwoWire17beginTransmissionEh
 .text._ZN7TwoWire15endTransmissionEh
                0x00002b08       0x26 C:\Users\Professional\Desktop\Projects\Lcdtask\21_12_21\oledTest\oledTest\ArduinoCore\Debug\libArduinoCore.a(Wire.o)
                0x00002b08                _ZN7TwoWire15endTransmissionEh
 .text._ZN7TwoWire15endTransmissionEv
                0x00002b2e        0x6 C:\Users\Professional\Desktop\Projects\Lcdtask\21_12_21\oledTest\oledTest\ArduinoCore\Debug\libArduinoCore.a(Wire.o)
                0x00002b2e                _ZN7TwoWire15endTransmissionEv
 .text.startup._GLOBAL__sub_I__ZN7TwoWire8rxBufferE
                0x00002b34        0x8 C:\Users\Professional\Desktop\Projects\Lcdtask\21_12_21\oledTest\oledTest\ArduinoCore\Debug\libArduinoCore.a(Wire.o)
 .text.__empty  0x00002b3c        0x2 C:\Users\Professional\Desktop\Projects\Lcdtask\21_12_21\oledTest\oledTest\ArduinoCore\Debug\libArduinoCore.a(hooks.o)
                0x00002b3c                yield
 .text.twi_init
                0x00002b3e       0x3c C:\Users\Professional\Desktop\Projects\Lcdtask\21_12_21\oledTest\oledTest\ArduinoCore\Debug\libArduinoCore.a(twi.o)
                0x00002b3e                twi_init
 .text.twi_writeTo
                0x00002b7a       0xac C:\Users\Professional\Desktop\Projects\Lcdtask\21_12_21\oledTest\oledTest\ArduinoCore\Debug\libArduinoCore.a(twi.o)
                0x00002b7a                twi_writeTo
 .text.twi_transmit
                0x00002c26       0x50 C:\Users\Professional\Desktop\Projects\Lcdtask\21_12_21\oledTest\oledTest\ArduinoCore\Debug\libArduinoCore.a(twi.o)
                0x00002c26                twi_transmit
 .text.twi_attachSlaveRxEvent
                0x00002c76        0xa C:\Users\Professional\Desktop\Projects\Lcdtask\21_12_21\oledTest\oledTest\ArduinoCore\Debug\libArduinoCore.a(twi.o)
                0x00002c76                twi_attachSlaveRxEvent
 .text.twi_attachSlaveTxEvent
                0x00002c80        0xa C:\Users\Professional\Desktop\Projects\Lcdtask\21_12_21\oledTest\oledTest\ArduinoCore\Debug\libArduinoCore.a(twi.o)
                0x00002c80                twi_attachSlaveTxEvent
 .text.twi_stop
                0x00002c8a       0x14 C:\Users\Professional\Desktop\Projects\Lcdtask\21_12_21\oledTest\oledTest\ArduinoCore\Debug\libArduinoCore.a(twi.o)
                0x00002c8a                twi_stop
 .text.twi_releaseBus
                0x00002c9e        0xc C:\Users\Professional\Desktop\Projects\Lcdtask\21_12_21\oledTest\oledTest\ArduinoCore\Debug\libArduinoCore.a(twi.o)
                0x00002c9e                twi_releaseBus
 .text.__vector_24
                0x00002caa      0x25a C:\Users\Professional\Desktop\Projects\Lcdtask\21_12_21\oledTest\oledTest\ArduinoCore\Debug\libArduinoCore.a(twi.o)
                0x00002caa                __vector_24
 .text.libgcc.div
                0x00002f04       0x28 c:/program files (x86)/atmel/studio/7.0/toolchain/avr8/avr8-gnu-toolchain/bin/../lib/gcc/avr/5.4.0/avr5\libgcc.a(_divmodhi4.o)
                0x00002f04                _div
                0x00002f04                __divmodhi4
 .text.libgcc.div
                0x00002f2c       0x44 c:/program files (x86)/atmel/studio/7.0/toolchain/avr8/avr8-gnu-toolchain/bin/../lib/gcc/avr/5.4.0/avr5\libgcc.a(_udivmodsi4.o)
                0x00002f2c                __udivmodsi4
 .text.libgcc   0x00002f70        0xc c:/program files (x86)/atmel/studio/7.0/toolchain/avr8/avr8-gnu-toolchain/bin/../lib/gcc/avr/5.4.0/avr5\libgcc.a(_tablejump2.o)
                0x00002f70                __tablejump2__
 .text.libgcc.div
                0x00002f7c       0x28 c:/program files (x86)/atmel/studio/7.0/toolchain/avr8/avr8-gnu-toolchain/bin/../lib/gcc/avr/5.4.0/avr5\libgcc.a(_udivmodhi4.o)
                0x00002f7c                __udivmodhi4
 .text.avr-libc.fplib
                0x00002fa4        0xe c:/program files (x86)/atmel/studio/7.0/toolchain/avr8/avr8-gnu-toolchain/bin/../lib/gcc/avr/5.4.0/../../../../avr/lib/avr5\libm.a(fixsfsi.o)
                0x00002fa4                __fixsfsi
 .text.avr-libc.fplib
                0x00002fb2       0x5e c:/program files (x86)/atmel/studio/7.0/toolchain/avr8/avr8-gnu-toolchain/bin/../lib/gcc/avr/5.4.0/../../../../avr/lib/avr5\libm.a(fixunssfsi.o)
                0x00002fb2                __fixunssfsi
 .text.avr-libc.fplib
                0x00003010       0x7a c:/program files (x86)/atmel/studio/7.0/toolchain/avr8/avr8-gnu-toolchain/bin/../lib/gcc/avr/5.4.0/../../../../avr/lib/avr5\libm.a(floatsisf.o)
                0x00003010                __floatunsisf
                0x00003014                __floatsisf
 .text.avr-libc.fplib
                0x0000308a        0xc c:/program files (x86)/atmel/studio/7.0/toolchain/avr8/avr8-gnu-toolchain/bin/../lib/gcc/avr/5.4.0/../../../../avr/lib/avr5\libm.a(fp_inf.o)
                0x0000308a                __fp_inf
 .text.avr-libc.fplib
                0x00003096        0x6 c:/program files (x86)/atmel/studio/7.0/toolchain/avr8/avr8-gnu-toolchain/bin/../lib/gcc/avr/5.4.0/../../../../avr/lib/avr5\libm.a(fp_nan.o)
                0x00003096                __fp_nan
 .text.avr-libc.fplib
                0x0000309c        0xe c:/program files (x86)/atmel/studio/7.0/toolchain/avr8/avr8-gnu-toolchain/bin/../lib/gcc/avr/5.4.0/../../../../avr/lib/avr5\libm.a(fp_pscA.o)
                0x0000309c                __fp_pscA
 .text.avr-libc.fplib
                0x000030aa        0xe c:/program files (x86)/atmel/studio/7.0/toolchain/avr8/avr8-gnu-toolchain/bin/../lib/gcc/avr/5.4.0/../../../../avr/lib/avr5\libm.a(fp_pscB.o)
                0x000030aa                __fp_pscB
 .text.avr-libc.fplib
                0x000030b8       0x22 c:/program files (x86)/atmel/studio/7.0/toolchain/avr8/avr8-gnu-toolchain/bin/../lib/gcc/avr/5.4.0/../../../../avr/lib/avr5\libm.a(fp_round.o)
                0x000030b8                __fp_round
 .text.avr-libc.fplib
                0x000030da       0x44 c:/program files (x86)/atmel/studio/7.0/toolchain/avr8/avr8-gnu-toolchain/bin/../lib/gcc/avr/5.4.0/../../../../avr/lib/avr5\libm.a(fp_split3.o)
                0x000030da                __fp_split3
                0x000030ea                __fp_splitA
 .text.avr-libc.fplib
                0x0000311e        0xe c:/program files (x86)/atmel/studio/7.0/toolchain/avr8/avr8-gnu-toolchain/bin/../lib/gcc/avr/5.4.0/../../../../avr/lib/avr5\libm.a(fp_zero.o)
                0x0000311e                __fp_zero
                0x00003120                __fp_szero
 .text.avr-libc.fplib
                0x0000312c        0x8 c:/program files (x86)/atmel/studio/7.0/toolchain/avr8/avr8-gnu-toolchain/bin/../lib/gcc/avr/5.4.0/../../../../avr/lib/avr5\libm.a(mulsf3.o)
                0x0000312c                __mulsf3
 .text.avr-libc.fplib
                0x00003134       0xd2 c:/program files (x86)/atmel/studio/7.0/toolchain/avr8/avr8-gnu-toolchain/bin/../lib/gcc/avr/5.4.0/../../../../avr/lib/avr5\libm.a(mulsf3x.o)
                0x00003152                __mulsf3x
                0x00003158                __mulsf3_pse
 .text.avr-libc
                0x00003206       0x12 c:/program files (x86)/atmel/studio/7.0/toolchain/avr8/avr8-gnu-toolchain/bin/../lib/gcc/avr/5.4.0/../../../../avr/lib/avr5\libc.a(memcpy.o)
                0x00003206                memcpy
                0x00003218                . = ALIGN (0x2)
 *(.fini9)
 .fini9         0x00003218        0x0 c:/program files (x86)/atmel/studio/7.0/toolchain/avr8/avr8-gnu-toolchain/bin/../lib/gcc/avr/5.4.0/avr5\libgcc.a(_exit.o)
                0x00003218                _exit
                0x00003218                exit
 *(.fini9)
 *(.fini8)
 *(.fini8)
 *(.fini7)
 *(.fini7)
 *(.fini6)
 *(.fini6)
 *(.fini5)
 *(.fini5)
 *(.fini4)
 *(.fini4)
 *(.fini3)
 *(.fini3)
 *(.fini2)
 *(.fini2)
 *(.fini1)
 *(.fini1)
 *(.fini0)
 .fini0         0x00003218        0x4 c:/program files (x86)/atmel/studio/7.0/toolchain/avr8/avr8-gnu-toolchain/bin/../lib/gcc/avr/5.4.0/avr5\libgcc.a(_exit.o)
 *(.fini0)
                0x0000321c                _etext = .

.data           0x00800100      0x168 load address 0x0000321c
                0x00800100                PROVIDE (__data_start, .)
 *(.data)
 *(.data*)
 .data.stateOff
                0x00800100        0x2 src/canMessage.o
                0x00800100                stateOff
 .data.stateOn  0x00800102        0x2 src/canMessage.o
                0x00800102                stateOn
 .data.blinkSpeed_ms
                0x00800104        0x4 src/index.o
                0x00800104                blinkSpeed_ms
 .data.stateStop_
                0x00800108        0x2 src/index.o
                0x00800108                stateStop_
 .data.stateStop
                0x0080010a        0x2 src/index.o
                0x0080010a                stateStop
 .data.stateStart_
                0x0080010c        0x2 src/index.o
                0x0080010c                stateStart_
 .data.stateStart
                0x0080010e        0x2 src/index.o
                0x0080010e                stateStart
 .data.stateF2_
                0x00800110        0x2 src/index.o
                0x00800110                stateF2_
 .data.stateF2  0x00800112        0x2 src/index.o
                0x00800112                stateF2
 .data.stateF1_
                0x00800114        0x2 src/index.o
                0x00800114                stateF1_
 .data.stateF1  0x00800116        0x2 src/index.o
                0x00800116                stateF1
 *(.gnu.linkonce.d*)
 *(.rodata)
 .rodata        0x00800118        0x9 C:\Users\Professional\Desktop\Projects\Lcdtask\21_12_21\oledTest\oledTest\ArduinoCore\Debug\libArduinoCore.a(mcp2515.o)
 .rodata        0x00800121        0x8 C:\Users\Professional\Desktop\Projects\Lcdtask\21_12_21\oledTest\oledTest\ArduinoCore\Debug\libArduinoCore.a(LiquidCrystal_I2C_OLED.o)
 *(.rodata*)
 .rodata.str1.1
                0x00800129        0x4 src/index.o
 .rodata.str1.1
                0x0080012d      0x10c src/lcd.o
                                0x115 (size before relaxing)
 .rodata._ZN7MCP25153RXBE
                0x00800239        0x8 C:\Users\Professional\Desktop\Projects\Lcdtask\21_12_21\oledTest\oledTest\ArduinoCore\Debug\libArduinoCore.a(mcp2515.o)
                0x00800239                _ZN7MCP25153RXBE
 .rodata._ZN7MCP25153TXBE
                0x00800241        0x9 C:\Users\Professional\Desktop\Projects\Lcdtask\21_12_21\oledTest\oledTest\ArduinoCore\Debug\libArduinoCore.a(mcp2515.o)
                0x00800241                _ZN7MCP25153TXBE
 .rodata._ZTV17LiquidCrystal_I2C
                0x0080024a        0xc C:\Users\Professional\Desktop\Projects\Lcdtask\21_12_21\oledTest\oledTest\ArduinoCore\Debug\libArduinoCore.a(LiquidCrystal_I2C_OLED.o)
                0x0080024a                _ZTV17LiquidCrystal_I2C
 .rodata._ZTV7TwoWire
                0x00800256       0x12 C:\Users\Professional\Desktop\Projects\Lcdtask\21_12_21\oledTest\oledTest\ArduinoCore\Debug\libArduinoCore.a(Wire.o)
                0x00800256                _ZTV7TwoWire
 *(.gnu.linkonce.r*)
                0x00800268                . = ALIGN (0x2)
                0x00800268                _edata = .
                0x00800268                PROVIDE (__data_end, .)

.bss            0x00800268      0x1b0
                0x00800268                PROVIDE (__bss_start, .)
 *(.bss)
 *(.bss*)
 .bss.index     0x00800268        0x2 src/canMessage.o
                0x00800268                index
 .bss.valLcd    0x0080026a       0x38 src/canMessage.o
                0x0080026a                valLcd
 .bss.previousMillis
                0x008002a2        0x4 src/canMessage.o
                0x008002a2                previousMillis
 .bss.currentMillis
                0x008002a6        0x4 src/canMessage.o
                0x008002a6                currentMillis
 .bss.stateOff_
                0x008002aa        0x2 src/canMessage.o
                0x008002aa                stateOff_
 .bss.stateOn_  0x008002ac        0x2 src/canMessage.o
                0x008002ac                stateOn_
 *fill*         0x008002ae        0x2 
 .bss.canMsgChange1
                0x008002b0       0x10 src/canMessage.o
                0x008002b0                canMsgChange1
 .bss.canMsgChange
                0x008002c0       0x10 src/canMessage.o
                0x008002c0                canMsgChange
 .bss.canMsg    0x008002d0       0x10 src/canMessage.o
                0x008002d0                canMsg
 .bss.canMsg1   0x008002e0       0x10 src/canMessage.o
                0x008002e0                canMsg1
 .bss.mcp2515   0x008002f0        0x1 src/canMessage.o
                0x008002f0                mcp2515
 .bss.chooseVal
                0x008002f1        0x2 src/index.o
                0x008002f1                chooseVal
 .bss.blinkTime
                0x008002f3        0x4 src/index.o
                0x008002f3                blinkTime
 .bss.i         0x008002f7        0x2 src/index.o
                0x008002f7                i
 .bss.currentMode_Under
                0x008002f9        0x2 src/index.o
                0x008002f9                currentMode_Under
 .bss.currentMode
                0x008002fb        0x2 src/index.o
                0x008002fb                currentMode
 .bss.firstTimeF2
                0x008002fd        0x4 src/index.o
                0x008002fd                firstTimeF2
 .bss.OLED1     0x00800301        0xc src/lcd.o
                0x00800301                OLED1
 .bss.currentScreen
                0x0080030d        0x2 src/lcd.o
                0x0080030d                currentScreen
 .bss.valLcd_   0x0080030f       0x38 src/lcd.o
                0x0080030f                valLcd_
 .bss.timer0_fract
                0x00800347        0x1 C:\Users\Professional\Desktop\Projects\Lcdtask\21_12_21\oledTest\oledTest\ArduinoCore\Debug\libArduinoCore.a(wiring.o)
 .bss.timer0_millis
                0x00800348        0x4 C:\Users\Professional\Desktop\Projects\Lcdtask\21_12_21\oledTest\oledTest\ArduinoCore\Debug\libArduinoCore.a(wiring.o)
                0x00800348                timer0_millis
 .bss.timer0_overflow_count
                0x0080034c        0x4 C:\Users\Professional\Desktop\Projects\Lcdtask\21_12_21\oledTest\oledTest\ArduinoCore\Debug\libArduinoCore.a(wiring.o)
                0x0080034c                timer0_overflow_count
 .bss._ZN8SPIClass13interruptSaveE
                0x00800350        0x1 C:\Users\Professional\Desktop\Projects\Lcdtask\21_12_21\oledTest\oledTest\ArduinoCore\Debug\libArduinoCore.a(SPI.o)
                0x00800350                _ZN8SPIClass13interruptSaveE
 .bss._ZN8SPIClass13interruptMaskE
                0x00800351        0x1 C:\Users\Professional\Desktop\Projects\Lcdtask\21_12_21\oledTest\oledTest\ArduinoCore\Debug\libArduinoCore.a(SPI.o)
                0x00800351                _ZN8SPIClass13interruptMaskE
 .bss._ZN8SPIClass13interruptModeE
                0x00800352        0x1 C:\Users\Professional\Desktop\Projects\Lcdtask\21_12_21\oledTest\oledTest\ArduinoCore\Debug\libArduinoCore.a(SPI.o)
                0x00800352                _ZN8SPIClass13interruptModeE
 .bss._ZN8SPIClass11initializedE
                0x00800353        0x1 C:\Users\Professional\Desktop\Projects\Lcdtask\21_12_21\oledTest\oledTest\ArduinoCore\Debug\libArduinoCore.a(SPI.o)
                0x00800353                _ZN8SPIClass11initializedE
 .bss.Wire      0x00800354        0xc C:\Users\Professional\Desktop\Projects\Lcdtask\21_12_21\oledTest\oledTest\ArduinoCore\Debug\libArduinoCore.a(Wire.o)
                0x00800354                Wire
 .bss._ZN7TwoWire14user_onReceiveE
                0x00800360        0x2 C:\Users\Professional\Desktop\Projects\Lcdtask\21_12_21\oledTest\oledTest\ArduinoCore\Debug\libArduinoCore.a(Wire.o)
                0x00800360                _ZN7TwoWire14user_onReceiveE
 .bss._ZN7TwoWire14user_onRequestE
                0x00800362        0x2 C:\Users\Professional\Desktop\Projects\Lcdtask\21_12_21\oledTest\oledTest\ArduinoCore\Debug\libArduinoCore.a(Wire.o)
                0x00800362                _ZN7TwoWire14user_onRequestE
 .bss._ZN7TwoWire12transmittingE
                0x00800364        0x1 C:\Users\Professional\Desktop\Projects\Lcdtask\21_12_21\oledTest\oledTest\ArduinoCore\Debug\libArduinoCore.a(Wire.o)
                0x00800364                _ZN7TwoWire12transmittingE
 .bss._ZN7TwoWire14txBufferLengthE
                0x00800365        0x1 C:\Users\Professional\Desktop\Projects\Lcdtask\21_12_21\oledTest\oledTest\ArduinoCore\Debug\libArduinoCore.a(Wire.o)
                0x00800365                _ZN7TwoWire14txBufferLengthE
 .bss._ZN7TwoWire13txBufferIndexE
                0x00800366        0x1 C:\Users\Professional\Desktop\Projects\Lcdtask\21_12_21\oledTest\oledTest\ArduinoCore\Debug\libArduinoCore.a(Wire.o)
                0x00800366                _ZN7TwoWire13txBufferIndexE
 .bss._ZN7TwoWire8txBufferE
                0x00800367       0x20 C:\Users\Professional\Desktop\Projects\Lcdtask\21_12_21\oledTest\oledTest\ArduinoCore\Debug\libArduinoCore.a(Wire.o)
                0x00800367                _ZN7TwoWire8txBufferE
 .bss._ZN7TwoWire9txAddressE
                0x00800387        0x1 C:\Users\Professional\Desktop\Projects\Lcdtask\21_12_21\oledTest\oledTest\ArduinoCore\Debug\libArduinoCore.a(Wire.o)
                0x00800387                _ZN7TwoWire9txAddressE
 .bss._ZN7TwoWire14rxBufferLengthE
                0x00800388        0x1 C:\Users\Professional\Desktop\Projects\Lcdtask\21_12_21\oledTest\oledTest\ArduinoCore\Debug\libArduinoCore.a(Wire.o)
                0x00800388                _ZN7TwoWire14rxBufferLengthE
 .bss._ZN7TwoWire13rxBufferIndexE
                0x00800389        0x1 C:\Users\Professional\Desktop\Projects\Lcdtask\21_12_21\oledTest\oledTest\ArduinoCore\Debug\libArduinoCore.a(Wire.o)
                0x00800389                _ZN7TwoWire13rxBufferIndexE
 .bss._ZN7TwoWire8rxBufferE
                0x0080038a       0x20 C:\Users\Professional\Desktop\Projects\Lcdtask\21_12_21\oledTest\oledTest\ArduinoCore\Debug\libArduinoCore.a(Wire.o)
                0x0080038a                _ZN7TwoWire8rxBufferE
 .bss.twi_error
                0x008003aa        0x1 C:\Users\Professional\Desktop\Projects\Lcdtask\21_12_21\oledTest\oledTest\ArduinoCore\Debug\libArduinoCore.a(twi.o)
 .bss.twi_rxBufferIndex
                0x008003ab        0x1 C:\Users\Professional\Desktop\Projects\Lcdtask\21_12_21\oledTest\oledTest\ArduinoCore\Debug\libArduinoCore.a(twi.o)
 .bss.twi_rxBuffer
                0x008003ac       0x20 C:\Users\Professional\Desktop\Projects\Lcdtask\21_12_21\oledTest\oledTest\ArduinoCore\Debug\libArduinoCore.a(twi.o)
 .bss.twi_txBufferLength
                0x008003cc        0x1 C:\Users\Professional\Desktop\Projects\Lcdtask\21_12_21\oledTest\oledTest\ArduinoCore\Debug\libArduinoCore.a(twi.o)
 .bss.twi_txBufferIndex
                0x008003cd        0x1 C:\Users\Professional\Desktop\Projects\Lcdtask\21_12_21\oledTest\oledTest\ArduinoCore\Debug\libArduinoCore.a(twi.o)
 .bss.twi_txBuffer
                0x008003ce       0x20 C:\Users\Professional\Desktop\Projects\Lcdtask\21_12_21\oledTest\oledTest\ArduinoCore\Debug\libArduinoCore.a(twi.o)
 .bss.twi_masterBufferLength
                0x008003ee        0x1 C:\Users\Professional\Desktop\Projects\Lcdtask\21_12_21\oledTest\oledTest\ArduinoCore\Debug\libArduinoCore.a(twi.o)
 .bss.twi_masterBufferIndex
                0x008003ef        0x1 C:\Users\Professional\Desktop\Projects\Lcdtask\21_12_21\oledTest\oledTest\ArduinoCore\Debug\libArduinoCore.a(twi.o)
 .bss.twi_masterBuffer
                0x008003f0       0x20 C:\Users\Professional\Desktop\Projects\Lcdtask\21_12_21\oledTest\oledTest\ArduinoCore\Debug\libArduinoCore.a(twi.o)
 .bss.twi_onSlaveReceive
                0x00800410        0x2 C:\Users\Professional\Desktop\Projects\Lcdtask\21_12_21\oledTest\oledTest\ArduinoCore\Debug\libArduinoCore.a(twi.o)
 .bss.twi_onSlaveTransmit
                0x00800412        0x2 C:\Users\Professional\Desktop\Projects\Lcdtask\21_12_21\oledTest\oledTest\ArduinoCore\Debug\libArduinoCore.a(twi.o)
 .bss.twi_inRepStart
                0x00800414        0x1 C:\Users\Professional\Desktop\Projects\Lcdtask\21_12_21\oledTest\oledTest\ArduinoCore\Debug\libArduinoCore.a(twi.o)
 .bss.twi_sendStop
                0x00800415        0x1 C:\Users\Professional\Desktop\Projects\Lcdtask\21_12_21\oledTest\oledTest\ArduinoCore\Debug\libArduinoCore.a(twi.o)
 .bss.twi_slarw
                0x00800416        0x1 C:\Users\Professional\Desktop\Projects\Lcdtask\21_12_21\oledTest\oledTest\ArduinoCore\Debug\libArduinoCore.a(twi.o)
 .bss.twi_state
                0x00800417        0x1 C:\Users\Professional\Desktop\Projects\Lcdtask\21_12_21\oledTest\oledTest\ArduinoCore\Debug\libArduinoCore.a(twi.o)
 *(COMMON)
                0x00800418                PROVIDE (__bss_end, .)
                0x0000321c                __data_load_start = LOADADDR (.data)
                0x00003384                __data_load_end = (__data_load_start + SIZEOF (.data))

.noinit         0x00800418        0x0
                [!provide]                PROVIDE (__noinit_start, .)
 *(.noinit*)
                [!provide]                PROVIDE (__noinit_end, .)
                0x00800418                _end = .
                [!provide]                PROVIDE (__heap_start, .)

.eeprom         0x00810000        0x0
 *(.eeprom*)
                0x00810000                __eeprom_end = .

.fuse
 *(.fuse)
 *(.lfuse)
 *(.hfuse)
 *(.efuse)

.lock
 *(.lock*)

.signature
 *(.signature*)

.user_signatures
 *(.user_signatures*)

.stab
 *(.stab)

.stabstr
 *(.stabstr)

.stab.excl
 *(.stab.excl)

.stab.exclstr
 *(.stab.exclstr)

.stab.index
 *(.stab.index)

.stab.indexstr
 *(.stab.indexstr)

.comment        0x00000000       0x30
 *(.comment)
 .comment       0x00000000       0x30 src/buttons.o
                                 0x31 (size before relaxing)
 .comment       0x00000030       0x31 src/canMessage.o
 .comment       0x00000030       0x31 src/index.o
 .comment       0x00000030       0x31 src/lcd.o
 .comment       0x00000030       0x31 src/main.o
 .comment       0x00000030       0x31 C:\Users\Professional\Desktop\Projects\Lcdtask\21_12_21\oledTest\oledTest\ArduinoCore\Debug\libArduinoCore.a(main.o)
 .comment       0x00000030       0x31 C:\Users\Professional\Desktop\Projects\Lcdtask\21_12_21\oledTest\oledTest\ArduinoCore\Debug\libArduinoCore.a(Print.o)
 .comment       0x00000030       0x31 C:\Users\Professional\Desktop\Projects\Lcdtask\21_12_21\oledTest\oledTest\ArduinoCore\Debug\libArduinoCore.a(wiring.o)
 .comment       0x00000030       0x31 C:\Users\Professional\Desktop\Projects\Lcdtask\21_12_21\oledTest\oledTest\ArduinoCore\Debug\libArduinoCore.a(wiring_digital.o)
 .comment       0x00000030       0x31 C:\Users\Professional\Desktop\Projects\Lcdtask\21_12_21\oledTest\oledTest\ArduinoCore\Debug\libArduinoCore.a(mcp2515.o)
 .comment       0x00000030       0x31 C:\Users\Professional\Desktop\Projects\Lcdtask\21_12_21\oledTest\oledTest\ArduinoCore\Debug\libArduinoCore.a(LiquidCrystal_I2C_OLED.o)
 .comment       0x00000030       0x31 C:\Users\Professional\Desktop\Projects\Lcdtask\21_12_21\oledTest\oledTest\ArduinoCore\Debug\libArduinoCore.a(SPI.o)
 .comment       0x00000030       0x31 C:\Users\Professional\Desktop\Projects\Lcdtask\21_12_21\oledTest\oledTest\ArduinoCore\Debug\libArduinoCore.a(Wire.o)
 .comment       0x00000030       0x31 C:\Users\Professional\Desktop\Projects\Lcdtask\21_12_21\oledTest\oledTest\ArduinoCore\Debug\libArduinoCore.a(hooks.o)
 .comment       0x00000030       0x31 C:\Users\Professional\Desktop\Projects\Lcdtask\21_12_21\oledTest\oledTest\ArduinoCore\Debug\libArduinoCore.a(twi.o)

.note.gnu.avr.deviceinfo
                0x00000000       0x40
 .note.gnu.avr.deviceinfo
                0x00000000       0x40 C:/Program Files (x86)/Atmel/Studio/7.0/Packs/atmel/ATmega_DFP/1.6.364/gcc/dev/atmega328p/avr5/crtatmega328p.o

.note.gnu.build-id
 *(.note.gnu.build-id)

.debug
 *(.debug)

.line
 *(.line)

.debug_srcinfo
 *(.debug_srcinfo)

.debug_sfnames
 *(.debug_sfnames)

.debug_aranges  0x00000000      0x848
 *(.debug_aranges)
 .debug_aranges
                0x00000000       0x20 src/buttons.o
 .debug_aranges
                0x00000020       0x60 src/canMessage.o
 .debug_aranges
                0x00000080       0x60 src/index.o
 .debug_aranges
                0x000000e0       0xe8 src/lcd.o
 .debug_aranges
                0x000001c8       0x28 src/main.o
 .debug_aranges
                0x000001f0       0x30 C:\Users\Professional\Desktop\Projects\Lcdtask\21_12_21\oledTest\oledTest\ArduinoCore\Debug\libArduinoCore.a(main.o)
 .debug_aranges
                0x00000220      0x100 C:\Users\Professional\Desktop\Projects\Lcdtask\21_12_21\oledTest\oledTest\ArduinoCore\Debug\libArduinoCore.a(Print.o)
 .debug_aranges
                0x00000320       0x48 C:\Users\Professional\Desktop\Projects\Lcdtask\21_12_21\oledTest\oledTest\ArduinoCore\Debug\libArduinoCore.a(wiring.o)
 .debug_aranges
                0x00000368       0x38 C:\Users\Professional\Desktop\Projects\Lcdtask\21_12_21\oledTest\oledTest\ArduinoCore\Debug\libArduinoCore.a(wiring_digital.o)
 .debug_aranges
                0x000003a0      0x158 C:\Users\Professional\Desktop\Projects\Lcdtask\21_12_21\oledTest\oledTest\ArduinoCore\Debug\libArduinoCore.a(mcp2515.o)
 .debug_aranges
                0x000004f8      0x180 C:\Users\Professional\Desktop\Projects\Lcdtask\21_12_21\oledTest\oledTest\ArduinoCore\Debug\libArduinoCore.a(LiquidCrystal_I2C_OLED.o)
 .debug_aranges
                0x00000678       0x38 C:\Users\Professional\Desktop\Projects\Lcdtask\21_12_21\oledTest\oledTest\ArduinoCore\Debug\libArduinoCore.a(SPI.o)
 .debug_aranges
                0x000006b0       0xf8 C:\Users\Professional\Desktop\Projects\Lcdtask\21_12_21\oledTest\oledTest\ArduinoCore\Debug\libArduinoCore.a(Wire.o)
 .debug_aranges
                0x000007a8       0x20 C:\Users\Professional\Desktop\Projects\Lcdtask\21_12_21\oledTest\oledTest\ArduinoCore\Debug\libArduinoCore.a(hooks.o)
 .debug_aranges
                0x000007c8       0x80 C:\Users\Professional\Desktop\Projects\Lcdtask\21_12_21\oledTest\oledTest\ArduinoCore\Debug\libArduinoCore.a(twi.o)

.debug_pubnames
 *(.debug_pubnames)

.debug_info     0x00000000     0xf9fa
 *(.debug_info .gnu.linkonce.wi.*)
 .debug_info    0x00000000      0x5f4 C:/Program Files (x86)/Atmel/Studio/7.0/Packs/atmel/ATmega_DFP/1.6.364/gcc/dev/atmega328p/avr5/crtatmega328p.o
 .debug_info    0x000005f4      0x21b src/buttons.o
 .debug_info    0x0000080f     0x1a29 src/canMessage.o
 .debug_info    0x00002238      0x9ae src/index.o
 .debug_info    0x00002be6     0x193b src/lcd.o
 .debug_info    0x00004521      0x23c src/main.o
 .debug_info    0x0000475d      0x237 C:\Users\Professional\Desktop\Projects\Lcdtask\21_12_21\oledTest\oledTest\ArduinoCore\Debug\libArduinoCore.a(main.o)
 .debug_info    0x00004994     0x28ff C:\Users\Professional\Desktop\Projects\Lcdtask\21_12_21\oledTest\oledTest\ArduinoCore\Debug\libArduinoCore.a(Print.o)
 .debug_info    0x00007293      0x2cb C:\Users\Professional\Desktop\Projects\Lcdtask\21_12_21\oledTest\oledTest\ArduinoCore\Debug\libArduinoCore.a(wiring.o)
 .debug_info    0x0000755e      0x5fe C:\Users\Professional\Desktop\Projects\Lcdtask\21_12_21\oledTest\oledTest\ArduinoCore\Debug\libArduinoCore.a(wiring_digital.o)
 .debug_info    0x00007b5c     0x2d51 C:\Users\Professional\Desktop\Projects\Lcdtask\21_12_21\oledTest\oledTest\ArduinoCore\Debug\libArduinoCore.a(mcp2515.o)
 .debug_info    0x0000a8ad     0x1c3e C:\Users\Professional\Desktop\Projects\Lcdtask\21_12_21\oledTest\oledTest\ArduinoCore\Debug\libArduinoCore.a(LiquidCrystal_I2C_OLED.o)
 .debug_info    0x0000c4eb      0x66b C:\Users\Professional\Desktop\Projects\Lcdtask\21_12_21\oledTest\oledTest\ArduinoCore\Debug\libArduinoCore.a(SPI.o)
 .debug_info    0x0000cb56     0x2862 C:\Users\Professional\Desktop\Projects\Lcdtask\21_12_21\oledTest\oledTest\ArduinoCore\Debug\libArduinoCore.a(Wire.o)
 .debug_info    0x0000f3b8       0x3e C:\Users\Professional\Desktop\Projects\Lcdtask\21_12_21\oledTest\oledTest\ArduinoCore\Debug\libArduinoCore.a(hooks.o)
 .debug_info    0x0000f3f6      0x604 C:\Users\Professional\Desktop\Projects\Lcdtask\21_12_21\oledTest\oledTest\ArduinoCore\Debug\libArduinoCore.a(twi.o)

.debug_abbrev   0x00000000     0x2cc4
 *(.debug_abbrev)
 .debug_abbrev  0x00000000      0x5a2 C:/Program Files (x86)/Atmel/Studio/7.0/Packs/atmel/ATmega_DFP/1.6.364/gcc/dev/atmega328p/avr5/crtatmega328p.o
 .debug_abbrev  0x000005a2       0xd3 src/buttons.o
 .debug_abbrev  0x00000675      0x498 src/canMessage.o
 .debug_abbrev  0x00000b0d      0x1c1 src/index.o
 .debug_abbrev  0x00000cce      0x291 src/lcd.o
 .debug_abbrev  0x00000f5f       0xc5 src/main.o
 .debug_abbrev  0x00001024      0x12d C:\Users\Professional\Desktop\Projects\Lcdtask\21_12_21\oledTest\oledTest\ArduinoCore\Debug\libArduinoCore.a(main.o)
 .debug_abbrev  0x00001151      0x47a C:\Users\Professional\Desktop\Projects\Lcdtask\21_12_21\oledTest\oledTest\ArduinoCore\Debug\libArduinoCore.a(Print.o)
 .debug_abbrev  0x000015cb      0x146 C:\Users\Professional\Desktop\Projects\Lcdtask\21_12_21\oledTest\oledTest\ArduinoCore\Debug\libArduinoCore.a(wiring.o)
 .debug_abbrev  0x00001711      0x15b C:\Users\Professional\Desktop\Projects\Lcdtask\21_12_21\oledTest\oledTest\ArduinoCore\Debug\libArduinoCore.a(wiring_digital.o)
 .debug_abbrev  0x0000186c      0x58e C:\Users\Professional\Desktop\Projects\Lcdtask\21_12_21\oledTest\oledTest\ArduinoCore\Debug\libArduinoCore.a(mcp2515.o)
 .debug_abbrev  0x00001dfa      0x417 C:\Users\Professional\Desktop\Projects\Lcdtask\21_12_21\oledTest\oledTest\ArduinoCore\Debug\libArduinoCore.a(LiquidCrystal_I2C_OLED.o)
 .debug_abbrev  0x00002211      0x283 C:\Users\Professional\Desktop\Projects\Lcdtask\21_12_21\oledTest\oledTest\ArduinoCore\Debug\libArduinoCore.a(SPI.o)
 .debug_abbrev  0x00002494      0x5a6 C:\Users\Professional\Desktop\Projects\Lcdtask\21_12_21\oledTest\oledTest\ArduinoCore\Debug\libArduinoCore.a(Wire.o)
 .debug_abbrev  0x00002a3a       0x2a C:\Users\Professional\Desktop\Projects\Lcdtask\21_12_21\oledTest\oledTest\ArduinoCore\Debug\libArduinoCore.a(hooks.o)
 .debug_abbrev  0x00002a64      0x260 C:\Users\Professional\Desktop\Projects\Lcdtask\21_12_21\oledTest\oledTest\ArduinoCore\Debug\libArduinoCore.a(twi.o)

.debug_line     0x00000000     0x4654
 *(.debug_line .debug_line.* .debug_line_end)
 .debug_line    0x00000000      0x134 C:/Program Files (x86)/Atmel/Studio/7.0/Packs/atmel/ATmega_DFP/1.6.364/gcc/dev/atmega328p/avr5/crtatmega328p.o
 .debug_line    0x00000134      0x13c src/buttons.o
 .debug_line    0x00000270      0x486 src/canMessage.o
 .debug_line    0x000006f6      0x44b src/index.o
 .debug_line    0x00000b41      0x7aa src/lcd.o
 .debug_line    0x000012eb      0x174 src/main.o
 .debug_line    0x0000145f      0x165 C:\Users\Professional\Desktop\Projects\Lcdtask\21_12_21\oledTest\oledTest\ArduinoCore\Debug\libArduinoCore.a(main.o)
 .debug_line    0x000015c4      0x685 C:\Users\Professional\Desktop\Projects\Lcdtask\21_12_21\oledTest\oledTest\ArduinoCore\Debug\libArduinoCore.a(Print.o)
 .debug_line    0x00001c49      0x299 C:\Users\Professional\Desktop\Projects\Lcdtask\21_12_21\oledTest\oledTest\ArduinoCore\Debug\libArduinoCore.a(wiring.o)
 .debug_line    0x00001ee2      0x252 C:\Users\Professional\Desktop\Projects\Lcdtask\21_12_21\oledTest\oledTest\ArduinoCore\Debug\libArduinoCore.a(wiring_digital.o)
 .debug_line    0x00002134      0xcd2 C:\Users\Professional\Desktop\Projects\Lcdtask\21_12_21\oledTest\oledTest\ArduinoCore\Debug\libArduinoCore.a(mcp2515.o)
 .debug_line    0x00002e06      0xa1a C:\Users\Professional\Desktop\Projects\Lcdtask\21_12_21\oledTest\oledTest\ArduinoCore\Debug\libArduinoCore.a(LiquidCrystal_I2C_OLED.o)
 .debug_line    0x00003820      0x2e3 C:\Users\Professional\Desktop\Projects\Lcdtask\21_12_21\oledTest\oledTest\ArduinoCore\Debug\libArduinoCore.a(SPI.o)
 .debug_line    0x00003b03      0x61b C:\Users\Professional\Desktop\Projects\Lcdtask\21_12_21\oledTest\oledTest\ArduinoCore\Debug\libArduinoCore.a(Wire.o)
 .debug_line    0x0000411e       0x41 C:\Users\Professional\Desktop\Projects\Lcdtask\21_12_21\oledTest\oledTest\ArduinoCore\Debug\libArduinoCore.a(hooks.o)
 .debug_line    0x0000415f      0x4f5 C:\Users\Professional\Desktop\Projects\Lcdtask\21_12_21\oledTest\oledTest\ArduinoCore\Debug\libArduinoCore.a(twi.o)

.debug_frame    0x00000000     0x16d0
 *(.debug_frame)
 .debug_frame   0x00000000       0x24 src/buttons.o
 .debug_frame   0x00000024       0xd8 src/canMessage.o
 .debug_frame   0x000000fc       0xe0 src/index.o
 .debug_frame   0x000001dc      0x22c src/lcd.o
 .debug_frame   0x00000408       0x34 src/main.o
 .debug_frame   0x0000043c       0x54 C:\Users\Professional\Desktop\Projects\Lcdtask\21_12_21\oledTest\oledTest\ArduinoCore\Debug\libArduinoCore.a(main.o)
 .debug_frame   0x00000490      0x3ac C:\Users\Professional\Desktop\Projects\Lcdtask\21_12_21\oledTest\oledTest\ArduinoCore\Debug\libArduinoCore.a(Print.o)
 .debug_frame   0x0000083c       0xc4 C:\Users\Professional\Desktop\Projects\Lcdtask\21_12_21\oledTest\oledTest\ArduinoCore\Debug\libArduinoCore.a(wiring.o)
 .debug_frame   0x00000900       0x7c C:\Users\Professional\Desktop\Projects\Lcdtask\21_12_21\oledTest\oledTest\ArduinoCore\Debug\libArduinoCore.a(wiring_digital.o)
 .debug_frame   0x0000097c      0x540 C:\Users\Professional\Desktop\Projects\Lcdtask\21_12_21\oledTest\oledTest\ArduinoCore\Debug\libArduinoCore.a(mcp2515.o)
 .debug_frame   0x00000ebc      0x3e0 C:\Users\Professional\Desktop\Projects\Lcdtask\21_12_21\oledTest\oledTest\ArduinoCore\Debug\libArduinoCore.a(LiquidCrystal_I2C_OLED.o)
 .debug_frame   0x0000129c       0x5c C:\Users\Professional\Desktop\Projects\Lcdtask\21_12_21\oledTest\oledTest\ArduinoCore\Debug\libArduinoCore.a(SPI.o)
 .debug_frame   0x000012f8      0x280 C:\Users\Professional\Desktop\Projects\Lcdtask\21_12_21\oledTest\oledTest\ArduinoCore\Debug\libArduinoCore.a(Wire.o)
 .debug_frame   0x00001578       0x24 C:\Users\Professional\Desktop\Projects\Lcdtask\21_12_21\oledTest\oledTest\ArduinoCore\Debug\libArduinoCore.a(hooks.o)
 .debug_frame   0x0000159c      0x134 C:\Users\Professional\Desktop\Projects\Lcdtask\21_12_21\oledTest\oledTest\ArduinoCore\Debug\libArduinoCore.a(twi.o)

.debug_str      0x00000000     0x4e4a
 *(.debug_str)
 .debug_str     0x00000000      0x208 C:/Program Files (x86)/Atmel/Studio/7.0/Packs/atmel/ATmega_DFP/1.6.364/gcc/dev/atmega328p/avr5/crtatmega328p.o
 .debug_str     0x00000208      0x249 src/buttons.o
                                0x289 (size before relaxing)
 .debug_str     0x00000451     0x16ba src/canMessage.o
                               0x199a (size before relaxing)
 .debug_str     0x00001b0b      0x529 src/index.o
                                0xa18 (size before relaxing)
 .debug_str     0x00002034      0x38a src/lcd.o
                                0x903 (size before relaxing)
 .debug_str     0x000023be       0x1b src/main.o
                                0x351 (size before relaxing)
 .debug_str     0x000023d9       0xb6 C:\Users\Professional\Desktop\Projects\Lcdtask\21_12_21\oledTest\oledTest\ArduinoCore\Debug\libArduinoCore.a(main.o)
                                0x2bb (size before relaxing)
 .debug_str     0x0000248f      0xf34 C:\Users\Professional\Desktop\Projects\Lcdtask\21_12_21\oledTest\oledTest\ArduinoCore\Debug\libArduinoCore.a(Print.o)
                               0x1249 (size before relaxing)
 .debug_str     0x000033c3      0x153 C:\Users\Professional\Desktop\Projects\Lcdtask\21_12_21\oledTest\oledTest\ArduinoCore\Debug\libArduinoCore.a(wiring.o)
                                0x251 (size before relaxing)
 .debug_str     0x00003516       0xb6 C:\Users\Professional\Desktop\Projects\Lcdtask\21_12_21\oledTest\oledTest\ArduinoCore\Debug\libArduinoCore.a(wiring_digital.o)
                                0x2b6 (size before relaxing)
 .debug_str     0x000035cc      0x334 C:\Users\Professional\Desktop\Projects\Lcdtask\21_12_21\oledTest\oledTest\ArduinoCore\Debug\libArduinoCore.a(mcp2515.o)
                               0x18af (size before relaxing)
 .debug_str     0x00003900      0xa40 C:\Users\Professional\Desktop\Projects\Lcdtask\21_12_21\oledTest\oledTest\ArduinoCore\Debug\libArduinoCore.a(LiquidCrystal_I2C_OLED.o)
                                0xe90 (size before relaxing)
 .debug_str     0x00004340       0x9f C:\Users\Professional\Desktop\Projects\Lcdtask\21_12_21\oledTest\oledTest\ArduinoCore\Debug\libArduinoCore.a(SPI.o)
                                0x6b4 (size before relaxing)
 .debug_str     0x000043df      0x8fe C:\Users\Professional\Desktop\Projects\Lcdtask\21_12_21\oledTest\oledTest\ArduinoCore\Debug\libArduinoCore.a(Wire.o)
                               0x1903 (size before relaxing)
 .debug_str     0x00004cdd       0x1c C:\Users\Professional\Desktop\Projects\Lcdtask\21_12_21\oledTest\oledTest\ArduinoCore\Debug\libArduinoCore.a(hooks.o)
                                0x146 (size before relaxing)
 .debug_str     0x00004cf9      0x151 C:\Users\Professional\Desktop\Projects\Lcdtask\21_12_21\oledTest\oledTest\ArduinoCore\Debug\libArduinoCore.a(twi.o)
                                0x3d1 (size before relaxing)

.debug_loc      0x00000000     0x7a8a
 *(.debug_loc)
 .debug_loc     0x00000000      0x580 src/canMessage.o
 .debug_loc     0x00000580      0x1bf src/index.o
 .debug_loc     0x0000073f      0x62e src/lcd.o
 .debug_loc     0x00000d6d     0x1c87 C:\Users\Professional\Desktop\Projects\Lcdtask\21_12_21\oledTest\oledTest\ArduinoCore\Debug\libArduinoCore.a(Print.o)
 .debug_loc     0x000029f4      0x28d C:\Users\Professional\Desktop\Projects\Lcdtask\21_12_21\oledTest\oledTest\ArduinoCore\Debug\libArduinoCore.a(wiring.o)
 .debug_loc     0x00002c81      0x5fc C:\Users\Professional\Desktop\Projects\Lcdtask\21_12_21\oledTest\oledTest\ArduinoCore\Debug\libArduinoCore.a(wiring_digital.o)
 .debug_loc     0x0000327d     0x26f6 C:\Users\Professional\Desktop\Projects\Lcdtask\21_12_21\oledTest\oledTest\ArduinoCore\Debug\libArduinoCore.a(mcp2515.o)
 .debug_loc     0x00005973      0xf67 C:\Users\Professional\Desktop\Projects\Lcdtask\21_12_21\oledTest\oledTest\ArduinoCore\Debug\libArduinoCore.a(LiquidCrystal_I2C_OLED.o)
 .debug_loc     0x000068da      0x1e4 C:\Users\Professional\Desktop\Projects\Lcdtask\21_12_21\oledTest\oledTest\ArduinoCore\Debug\libArduinoCore.a(SPI.o)
 .debug_loc     0x00006abe      0xbe6 C:\Users\Professional\Desktop\Projects\Lcdtask\21_12_21\oledTest\oledTest\ArduinoCore\Debug\libArduinoCore.a(Wire.o)
 .debug_loc     0x000076a4      0x3e6 C:\Users\Professional\Desktop\Projects\Lcdtask\21_12_21\oledTest\oledTest\ArduinoCore\Debug\libArduinoCore.a(twi.o)

.debug_macinfo
 *(.debug_macinfo)

.debug_weaknames
 *(.debug_weaknames)

.debug_funcnames
 *(.debug_funcnames)

.debug_typenames
 *(.debug_typenames)

.debug_varnames
 *(.debug_varnames)

.debug_pubtypes
 *(.debug_pubtypes)

.debug_ranges   0x00000000      0x7d8
 *(.debug_ranges)
 .debug_ranges  0x00000000       0x10 src/buttons.o
 .debug_ranges  0x00000010       0x50 src/canMessage.o
 .debug_ranges  0x00000060       0x50 src/index.o
 .debug_ranges  0x000000b0       0xf0 src/lcd.o
 .debug_ranges  0x000001a0       0x18 src/main.o
 .debug_ranges  0x000001b8       0x20 C:\Users\Professional\Desktop\Projects\Lcdtask\21_12_21\oledTest\oledTest\ArduinoCore\Debug\libArduinoCore.a(main.o)
 .debug_ranges  0x000001d8      0x120 C:\Users\Professional\Desktop\Projects\Lcdtask\21_12_21\oledTest\oledTest\ArduinoCore\Debug\libArduinoCore.a(Print.o)
 .debug_ranges  0x000002f8       0x38 C:\Users\Professional\Desktop\Projects\Lcdtask\21_12_21\oledTest\oledTest\ArduinoCore\Debug\libArduinoCore.a(wiring.o)
 .debug_ranges  0x00000330       0x28 C:\Users\Professional\Desktop\Projects\Lcdtask\21_12_21\oledTest\oledTest\ArduinoCore\Debug\libArduinoCore.a(wiring_digital.o)
 .debug_ranges  0x00000358      0x180 C:\Users\Professional\Desktop\Projects\Lcdtask\21_12_21\oledTest\oledTest\ArduinoCore\Debug\libArduinoCore.a(mcp2515.o)
 .debug_ranges  0x000004d8      0x170 C:\Users\Professional\Desktop\Projects\Lcdtask\21_12_21\oledTest\oledTest\ArduinoCore\Debug\libArduinoCore.a(LiquidCrystal_I2C_OLED.o)
 .debug_ranges  0x00000648       0x28 C:\Users\Professional\Desktop\Projects\Lcdtask\21_12_21\oledTest\oledTest\ArduinoCore\Debug\libArduinoCore.a(SPI.o)
 .debug_ranges  0x00000670       0xe8 C:\Users\Professional\Desktop\Projects\Lcdtask\21_12_21\oledTest\oledTest\ArduinoCore\Debug\libArduinoCore.a(Wire.o)
 .debug_ranges  0x00000758       0x10 C:\Users\Professional\Desktop\Projects\Lcdtask\21_12_21\oledTest\oledTest\ArduinoCore\Debug\libArduinoCore.a(hooks.o)
 .debug_ranges  0x00000768       0x70 C:\Users\Professional\Desktop\Projects\Lcdtask\21_12_21\oledTest\oledTest\ArduinoCore\Debug\libArduinoCore.a(twi.o)

.debug_macro
 *(.debug_macro)
OUTPUT(OLED_I2CRus_test.elf elf32-avr)
LOAD linker stubs
